start Mon Jun 15 23:50:33 PDT 2026
Filtering to 60 sample project IDs.
Loading index: /Users/Dora/git/consulting/nepa/phase2/data/analysis/timeline/timeline_document_index.parquet
  142,087 index rows, 61,881 projects

=== CE ===
  Processing 0 CE projects...
  Loading pages for CE...
  Loading sections for CE...
  Loaded 0 CE project descriptions

=== EA ===
  Processing 22 EA projects...
  Loading pages for EA...
  Loading sections for EA...
  489 packets for EA

=== EIS ===
  Processing 38 EIS projects...
  Loading pages for EIS...
  Loading sections for EIS...
  1,682 packets for EIS

Total packets: 2,171
Tier distribution:
retrieval_tier
tier_b                   1256
tier_d                    334
tier_c                    317
ea_decision_full_read     254
tier_a                     10

Wrote: /Users/Dora/git/consulting/nepa/phase2/data/analysis/timeline/sample_runs/appfiling_test/timeline_context_packets.parquet
Filtering to 60 sample project IDs.
Loading context packets: /Users/Dora/git/consulting/nepa/phase2/data/analysis/timeline/sample_runs/appfiling_test/timeline_context_packets.parquet
  2,171 packets to process

Total candidates: 5,574
Role distribution:
candidate_role
unknown             1827
clear_initiation    1765
proxy_initiation     586
clear_decision       581
proxy_decision       295
body_text            285
review                90
reject                77
historical            68
Granularity distribution:
date_granularity
day      4252
month    1203
year      119

Wrote: /Users/Dora/git/consulting/nepa/phase2/data/analysis/timeline/sample_runs/appfiling_test/timeline_candidates.parquet
Scoring 4310/5574 eligible candidates from ../../data/analysis/timeline/sample_runs/appfiling_test/timeline_candidates.parquet.
Doc-type gate: p_final_eis zeroed on 1815 non-FEIS candidates (1815 had p_final_eis>0).
Wrote classifier scores for 4310 candidates (model salvage_20260609T042302Z).
Applied calibrated scores to 4,310 candidates (incl. p_feis_cal (doc-type gate preserved)).
  wrote learned_init_score
  wrote learned_decision_score
Applied learned ranker scores to 5,574 candidates (2 head(s)) -> ../../data/analysis/timeline/sample_runs/appfiling_test/timeline_candidates.parquet
/Users/Dora/git/consulting/nepa/phase2/code/deliverable04/05_select_dates.py:1438: FutureWarning: The behavior of DataFrame concatenation with empty or all-NA entries is deprecated. In a future version, this will no longer exclude empty or all-NA columns when determining the result dtypes. To retain the old behavior, exclude the relevant entries before the concat operation.
  return pd.concat([dates_df, pd.DataFrame(stubs)], ignore_index=True)
Loading candidates: ../../data/analysis/timeline/sample_runs/appfiling_test/timeline_candidates.parquet
  5,574 candidates, 60 projects
Processing 60 projects...
  EIS universe reconciliation: added 4,092 missing EIS projects as missing_both.
Applying month midpoint imputation...
  Midpoint imputation applied to 6 projects (month-granularity dates → day 15).
Applying deis_only flags...
  deis_only flag applied to 801 EIS projects (DEIS in index, no FEIS or ROD).
Wrote: ../../data/analysis/timeline/sample_runs/appfiling_test/timeline_project_dates.parquet (4,152 projects)
Timeline status distribution:
timeline_status
missing_both           4092
missing_initiation       32
complete_clear           24
complete_with_proxy       3
missing_decision          1
Wrote review queue: /Users/Dora/git/consulting/nepa/phase2/output/deliverable04/timeline_manual_review_queue.csv (39 projects)

complete_clear: 24/4152 (0.6%)
done Mon Jun 15 23:53:58 PDT 2026
