Loading candidates: /Users/Dora/git/consulting/nepa/phase2/data/analysis/timeline/timeline_candidates.parquet
  414,637 candidates, 58,551 projects
Processing 58,551 projects...
  1000/58551 done...
  2000/58551 done...
  3000/58551 done...
  4000/58551 done...
  5000/58551 done...
  6000/58551 done...
  7000/58551 done...
  8000/58551 done...
  9000/58551 done...
  10000/58551 done...
  11000/58551 done...
  12000/58551 done...
  13000/58551 done...
  14000/58551 done...
  15000/58551 done...
  16000/58551 done...
  17000/58551 done...
  18000/58551 done...
  19000/58551 done...
  20000/58551 done...
  21000/58551 done...
  22000/58551 done...
  23000/58551 done...
  24000/58551 done...
  25000/58551 done...
  26000/58551 done...
  27000/58551 done...
  28000/58551 done...
  29000/58551 done...
  30000/58551 done...
  31000/58551 done...
  32000/58551 done...
  33000/58551 done...
  34000/58551 done...
  35000/58551 done...
  36000/58551 done...
  37000/58551 done...
  38000/58551 done...
  39000/58551 done...
  40000/58551 done...
  41000/58551 done...
  42000/58551 done...
  43000/58551 done...
  44000/58551 done...
  45000/58551 done...
  46000/58551 done...
  47000/58551 done...
  48000/58551 done...
  49000/58551 done...
  50000/58551 done...
  51000/58551 done...
  52000/58551 done...
  53000/58551 done...
  54000/58551 done...
  55000/58551 done...
  56000/58551 done...
  57000/58551 done...
  58000/58551 done...
  EIS universe reconciliation: added 664 missing EIS projects as missing_both.
/Users/Dora/git/consulting/nepa/phase2/code/deliverable04/05_select_dates.py:1173: FutureWarning: The behavior of DataFrame concatenation with empty or all-NA entries is deprecated. In a future version, this will no longer exclude empty or all-NA columns when determining the result dtypes. To retain the old behavior, exclude the relevant entries before the concat operation.
  return pd.concat([dates_df, pd.DataFrame(stubs)], ignore_index=True)
Applying month midpoint imputation...
  Midpoint imputation applied to 2,086 projects (month-granularity dates → day 15).
Applying deis_only flags...
  deis_only flag applied to 767 EIS projects (DEIS in index, no FEIS or ROD).
Wrote: /Users/Dora/git/consulting/nepa/phase2/data/analysis/timeline/timeline_project_dates.parquet (59,215 projects)
Timeline status distribution:
timeline_status
missing_initiation     29514
complete_clear         10329
complete_with_proxy     7156
missing_decision        6505
missing_both            5678
manual_review             33
Wrote review queue: /Users/Dora/git/consulting/nepa/phase2/output/deliverable04/timeline_manual_review_queue.csv (29456 projects)

complete_clear: 10329/59215 (17.4%)
