[Tue Jun  2 14:13:58 PDT 2026] START 03 (full, --force) — tightened historical + eligible-pool change
Loading context packets: /Users/Dora/git/consulting/nepa/phase2/data/analysis/timeline/timeline_context_packets.parquet
  210,185 packets to process
  Processed 5,000/210,185 packets, 25,879 candidates so far...
  Processed 10,000/210,185 packets, 51,233 candidates so far...
  Processed 15,000/210,185 packets, 77,079 candidates so far...
  Processed 20,000/210,185 packets, 102,460 candidates so far...
  Processed 25,000/210,185 packets, 128,204 candidates so far...
  Processed 30,000/210,185 packets, 153,225 candidates so far...
  Processed 35,000/210,185 packets, 178,182 candidates so far...
  Processed 40,000/210,185 packets, 197,238 candidates so far...
  Processed 45,000/210,185 packets, 203,660 candidates so far...
  Processed 50,000/210,185 packets, 210,155 candidates so far...
  Processed 55,000/210,185 packets, 216,697 candidates so far...
  Processed 60,000/210,185 packets, 223,019 candidates so far...
  Processed 65,000/210,185 packets, 229,404 candidates so far...
  Processed 70,000/210,185 packets, 235,947 candidates so far...
  Processed 75,000/210,185 packets, 242,338 candidates so far...
  Processed 80,000/210,185 packets, 248,856 candidates so far...
  Processed 85,000/210,185 packets, 255,272 candidates so far...
  Processed 90,000/210,185 packets, 261,672 candidates so far...
  Processed 95,000/210,185 packets, 268,177 candidates so far...
  Processed 100,000/210,185 packets, 274,346 candidates so far...
  Processed 105,000/210,185 packets, 279,864 candidates so far...
  Processed 110,000/210,185 packets, 284,607 candidates so far...
  Processed 115,000/210,185 packets, 289,481 candidates so far...
  Processed 120,000/210,185 packets, 294,938 candidates so far...
  Processed 125,000/210,185 packets, 299,722 candidates so far...
  Processed 130,000/210,185 packets, 304,246 candidates so far...
  Processed 135,000/210,185 packets, 308,695 candidates so far...
  Processed 140,000/210,185 packets, 313,124 candidates so far...
  Processed 145,000/210,185 packets, 317,240 candidates so far...
  Processed 150,000/210,185 packets, 323,283 candidates so far...
  Processed 155,000/210,185 packets, 329,629 candidates so far...
  Processed 160,000/210,185 packets, 336,416 candidates so far...
  Processed 165,000/210,185 packets, 344,818 candidates so far...
  Processed 170,000/210,185 packets, 352,888 candidates so far...
  Processed 175,000/210,185 packets, 360,576 candidates so far...
  Processed 180,000/210,185 packets, 368,481 candidates so far...
  Processed 185,000/210,185 packets, 376,722 candidates so far...
  Processed 190,000/210,185 packets, 384,363 candidates so far...
  Processed 195,000/210,185 packets, 392,694 candidates so far...
  Processed 200,000/210,185 packets, 400,546 candidates so far...
  Processed 205,000/210,185 packets, 408,397 candidates so far...
  Processed 210,000/210,185 packets, 416,067 candidates so far...

Total candidates: 414,637
Role distribution:
candidate_role
clear_decision      96917
body_text           82019
proxy_decision      64076
unknown             59614
clear_initiation    45928
proxy_initiation    35659
review              29248
historical           1176
Granularity distribution:
date_granularity
day      301168
year      60783
month     52686

Wrote: /Users/Dora/git/consulting/nepa/phase2/data/analysis/timeline/timeline_candidates.parquet
Wrote labeling sample: /Users/Dora/git/consulting/nepa/phase2/output/deliverable04/labeling_sample.csv  (288 rows)
  Fill the 'label' column with: initiation | decision | neither, then run 04_classify_candidates.py --train
[Tue Jun  2 14:54:02 PDT 2026] 03 exit=0
[Tue Jun  2 14:54:02 PDT 2026] START 05 (full, --force)
Loading candidates: /Users/Dora/git/consulting/nepa/phase2/data/analysis/timeline/timeline_candidates.parquet
  414,637 candidates, 58,551 projects
Processing 58,551 projects...
  1000/58551 done...
  2000/58551 done...
  3000/58551 done...
  4000/58551 done...
  5000/58551 done...
  6000/58551 done...
  7000/58551 done...
  8000/58551 done...
  9000/58551 done...
  10000/58551 done...
  11000/58551 done...
  12000/58551 done...
  13000/58551 done...
  14000/58551 done...
  15000/58551 done...
  16000/58551 done...
  17000/58551 done...
  18000/58551 done...
  19000/58551 done...
  20000/58551 done...
  21000/58551 done...
  22000/58551 done...
  23000/58551 done...
  24000/58551 done...
  25000/58551 done...
  26000/58551 done...
  27000/58551 done...
  28000/58551 done...
  29000/58551 done...
  30000/58551 done...
  31000/58551 done...
  32000/58551 done...
  33000/58551 done...
  34000/58551 done...
  35000/58551 done...
  36000/58551 done...
  37000/58551 done...
  38000/58551 done...
  39000/58551 done...
  40000/58551 done...
  41000/58551 done...
  42000/58551 done...
  43000/58551 done...
  44000/58551 done...
  45000/58551 done...
  46000/58551 done...
  47000/58551 done...
  48000/58551 done...
  49000/58551 done...
  50000/58551 done...
  51000/58551 done...
  52000/58551 done...
  53000/58551 done...
  54000/58551 done...
  55000/58551 done...
  56000/58551 done...
  57000/58551 done...
  58000/58551 done...
Applying month midpoint imputation...
  Midpoint imputation applied to 5,234 projects (month-granularity dates → day 15).
Applying deis_only flags...
  deis_only flag applied to 383 EIS projects (DEIS in index, no FEIS or ROD).
Wrote: /Users/Dora/git/consulting/nepa/phase2/data/analysis/timeline/timeline_project_dates.parquet (58,551 projects)
Timeline status distribution:
timeline_status
missing_initiation     38248
complete_clear          8397
complete_with_proxy     7993
missing_decision        3210
missing_both             574
manual_review            129
Wrote review queue: /Users/Dora/git/consulting/nepa/phase2/output/deliverable04/timeline_manual_review_queue.csv (11257 projects)

complete_clear: 8397/58551 (14.3%)
[Tue Jun  2 15:24:13 PDT 2026] 05 exit=0 — DONE
